# 300098957


```
PS > $vm = 'CB-HYPERV'
PS > $VMLOC = $HOME + '\.docker\machine\machines\'
PS > New-VHD -Path "$VMLOC\$vm\$vm.vhdx" -Dynamic -SizeBytes 60GB
PS > docker-machine stop $vm
PS > ADD-VMHardDiskDrive -VMName $vm -Path "$VMLOC\$vm\$vm.vhdx"
PS > (Get-VMHardDiskDrive -VMName $vm).Path
PS > docker-machine start $vm
```

```
$ fdisk --list
fdisk: cannot open /dev/zram0: Permission denied
Disk /dev/sdb: 60 GiB, 64424509440 bytes, 125829120 sectors
Units: sectors of 1 * 512 = 512 bytes
Sector size (logical/physical): 512 bytes / 4096 bytes
I/O size (minimum/optimal): 4096 bytes / 4096 bytes


Disk /dev/sda: 19.5 GiB, 20971520000 bytes, 40960000 sectors
Units: sectors of 1 * 512 = 512 bytes
Sector size (logical/physical): 512 bytes / 512 bytes
I/O size (minimum/optimal): 512 bytes / 512 bytes
Disklabel type: gpt
Disk identifier: F61EC56C-A59A-2E41-B6E4-95DCB3D7A5B7

Device       Start      End  Sectors  Size Type
/dev/sda1  2050048 40959966 38909919 18.6G Linux filesystem
/dev/sda2     2048  2050047  2048000 1000M Linux swap

Partition table entries are not in disk order.
```


```
$ sudo fdisk /dev/sdb

Welcome to fdisk (util-linux 2.32.1).
Changes will remain in memory only, until you decide to write them.
Be careful before using the write command.


Command (m for help): n
Partition type
   p   primary (0 primary, 0 extended, 4 free)
   e   extended (container for logical partitions)
Select (default p): p
Partition number (1-4, default 1):
First sector (2048-125829119, default 2048):
Last sector, +sectors or +size{K,M,G,T,P} (2048-125829119, default 125829119):

Created a new partition 1 of type 'Linux' and of size 60 GiB.

Command (m for help): w
The partition table has been altered.
Calling ioctl() to re-read partition table.
Syncing disks.
```

:pushpin: You still need to create a file system

```
$ mkfs.ext4 /dev/sdb1
mke2fs 1.44.4 (18-Aug-2018)
Found a dos partition table in /dev/sdb1
Proceed anyway? (y,N) y
Discarding device blocks: done
Creating filesystem with 15728384 4k blocks and 3932160 inodes
Filesystem UUID: 3bebf011-f169-4f52-b928-a436d0fd730e
Superblock backups stored on blocks:
        32768, 98304, 163840, 229376, 294912, 819200, 884736, 1605632, 2654208,
        4096000, 7962624, 11239424

Allocating group tables: done
Writing inode tables: done
Creating journal (65536 blocks): done
Writing superblocks and filesystem accounting information:
done
```

```
$ sudo mkdir /mnt/sdb1
$ sudo mount /dev/sdb1 /mnt/sdb1
```

```
PS > get-command -module HYPERV
PS > get-command -module HYPER-V | Select-String 'VHD'
```
